{
  "default": {
    "old_id": [
      1,
      2
    ],
    "new_id": [
      0,
      1
    ]
  }
}